node : C:\Users\indik
\twilio-power-dialer\
callsanta\test-upgrad
e-fix.js:14
Au caractère Ligne:1 
: 1
+ node 
test-upgrade-fix.js 
> test-output.txt 
2>&1
+ ~~~~~~~~~~~~~~~~~~~
~~~~~~~~~~~~~~~~~~~~~
~~~~~~~
    + CategoryInfo   
           : NotSpe  
  cified: (C:\User   
 s\indik\...grade    
-fix.js:14:Strin    
g) [], RemoteExc    
eption
    + FullyQualified 
   ErrorId : Native  
  CommandError
 
const { handler } = r
equire('./functions/c
reate-upgrade-payment
');
        ^

SyntaxError: 
Identifier 'handler' 
has already been 
declared
    at wrapSafe (node
:internal/modules/cjs
/loader:1662:18)
    at 
Module._compile (node
:internal/modules/cjs
/loader:1704:20)
    at Object..js (no
de:internal/modules/c
js/loader:1895:10)
    at Module.load (n
ode:internal/modules/
cjs/loader:1465:32)
    at 
Function._load (node:
internal/modules/cjs/
loader:1282:12)
    at TracingChannel
.traceSync (node:diag
nostics_channel:322:1
4)
    at 
wrapModuleLoad (node:
internal/modules/cjs/
loader:235:24)
    at Function.execu
teUserEntryPoint [as 
runMain] (node:intern
al/modules/run_main:1
70:5)
    at node:internal/
main/run_main_module:
36:49

Node.js v22.15.0
